[INFO] Scanning for projects...
[INFO] 
[INFO] -------------------------< org.example:Login >--------------------------
[INFO] Building Login 1.0-SNAPSHOT
[INFO]   from pom.xml
[INFO] --------------------------------[ jar ]---------------------------------
[WARNING] 6 problems were encountered while building the effective model for org.openjfx:javafx-fxml:jar:21 during dependency collection step for project (use -X to see details)
[INFO] 
[INFO] --- resources:3.3.1:resources (default-resources) @ Login ---
[INFO] Copying 14 resources from src\main\resources to target\classes
[INFO] 
[INFO] --- compiler:3.13.0:compile (default-compile) @ Login ---
[INFO] Recompiling the module because of changed source code.
[INFO] Compiling 27 source files with javac [debug target 17] to target\classes
[INFO] /C:/Users/PC/IdeaProjects/Login/src/main/java/edunova/connexion/tools/GoogleAuthService.java: Some input files use or override a deprecated API.
[INFO] /C:/Users/PC/IdeaProjects/Login/src/main/java/edunova/connexion/tools/GoogleAuthService.java: Recompile with -Xlint:deprecation for details.
[INFO] -------------------------------------------------------------
[WARNING] COMPILATION WARNING : 
[INFO] -------------------------------------------------------------
[WARNING] system modules path not set in conjunction with -source 17
[INFO] 1 warning
[INFO] -------------------------------------------------------------
[INFO] -------------------------------------------------------------
[ERROR] COMPILATION ERROR : 
[INFO] -------------------------------------------------------------
[ERROR] /C:/Users/PC/IdeaProjects/Login/src/main/java/edunova/connexion/controllers/LoginController.java:[133,40] cannot find symbol
  symbol:   class CornerRadii
  location: package javafx.geometry
[INFO] 1 error
[INFO] -------------------------------------------------------------
[INFO] ------------------------------------------------------------------------
[INFO] BUILD FAILURE
[INFO] ------------------------------------------------------------------------
[INFO] Total time:  10.508 s
[INFO] Finished at: 2026-05-09T22:44:21+01:00
[INFO] ------------------------------------------------------------------------
[ERROR] Failed to execute goal org.apache.maven.plugins:maven-compiler-plugin:3.13.0:compile (default-compile) on project Login: Compilation failure
[ERROR] /C:/Users/PC/IdeaProjects/Login/src/main/java/edunova/connexion/controllers/LoginController.java:[133,40] cannot find symbol
[ERROR]   symbol:   class CornerRadii
[ERROR]   location: package javafx.geometry
[ERROR] 
[ERROR] -> [Help 1]
[ERROR] 
[ERROR] To see the full stack trace of the errors, re-run Maven with the -e switch.
[ERROR] Re-run Maven using the -X switch to enable full debug logging.
[ERROR] 
[ERROR] For more information about the errors and possible solutions, please read the following articles:
[ERROR] [Help 1] http://cwiki.apache.org/confluence/display/MAVEN/MojoFailureException
